--------------------------------------------------------------------------------
Release 14.7 Trace  (lin64)
Copyright (c) 1995-2013 Xilinx, Inc.  All rights reserved.

/opt/Xilinx/14.7/ISE_DS/ISE/bin/lin64/unwrapped/trce -intstyle ise -v 3 -s 2I
-n 3 -fastpaths -xml dich8led_tsp_repeat.twx dich8led_tsp_repeat.ncd -o
dich8led_tsp_repeat.twr dich8led_tsp_repeat.pcf

Design file:              dich8led_tsp_repeat.ncd
Physical constraint file: dich8led_tsp_repeat.pcf
Device,package,speed:     xa7a100t,csg324,I,-2I (PRELIMINARY 1.07 2013-10-13)
Report level:             verbose report

Environment Variable      Effect 
--------------------      ------ 
NONE                      No environment variables were set
--------------------------------------------------------------------------------

INFO:Timing:2698 - No timing constraints found, doing default enumeration.
INFO:Timing:3412 - To improve timing, see the Timing Closure User Guide (UG612).
INFO:Timing:2752 - To get complete path coverage, use the unconstrained paths 
   option. All paths that are not constrained will be reported in the 
   unconstrained paths section(s) of the report.
INFO:Timing:3339 - The clock-to-out numbers in this timing report are based on 
   a 50 Ohm transmission line loading model.  For the details of this model, 
   and for more information on accounting for different loading conditions, 
   please see the device datasheet.



Data Sheet report:
-----------------
All values displayed in nanoseconds (ns)

Setup/Hold to clock clk
------------+------------+------------+------------+------------+------------------+--------+
            |Max Setup to|  Process   |Max Hold to |  Process   |                  | Clock  |
Source      | clk (edge) |   Corner   | clk (edge) |   Corner   |Internal Clock(s) | Phase  |
------------+------------+------------+------------+------------+------------------+--------+
reset       |   -0.237(R)|      FAST  |    2.458(R)|      SLOW  |clk_BUFGP         |   0.000|
------------+------------+------------+------------+------------+------------------+--------+

Clock clk to Pad
------------+-----------------+------------+-----------------+------------+------------------+--------+
            |Max (slowest) clk|  Process   |Min (fastest) clk|  Process   |                  | Clock  |
Destination |  (edge) to PAD  |   Corner   |  (edge) to PAD  |   Corner   |Internal Clock(s) | Phase  |
------------+-----------------+------------+-----------------+------------+------------------+--------+
led<0>      |         8.317(R)|      SLOW  |         3.119(R)|      FAST  |clk_BUFGP         |   0.000|
led<1>      |         8.313(R)|      SLOW  |         3.095(R)|      FAST  |clk_BUFGP         |   0.000|
led<2>      |         8.325(R)|      SLOW  |         3.122(R)|      FAST  |clk_BUFGP         |   0.000|
led<3>      |         8.315(R)|      SLOW  |         3.135(R)|      FAST  |clk_BUFGP         |   0.000|
led<4>      |         8.421(R)|      SLOW  |         3.166(R)|      FAST  |clk_BUFGP         |   0.000|
led<5>      |         8.541(R)|      SLOW  |         3.203(R)|      FAST  |clk_BUFGP         |   0.000|
led<6>      |         8.528(R)|      SLOW  |         3.227(R)|      FAST  |clk_BUFGP         |   0.000|
led<7>      |         8.377(R)|      SLOW  |         3.154(R)|      FAST  |clk_BUFGP         |   0.000|
------------+-----------------+------------+-----------------+------------+------------------+--------+

Clock to Setup on destination clock clk
---------------+---------+---------+---------+---------+
               | Src:Rise| Src:Fall| Src:Rise| Src:Fall|
Source Clock   |Dest:Rise|Dest:Rise|Dest:Fall|Dest:Fall|
---------------+---------+---------+---------+---------+
clk            |    1.411|         |         |         |
---------------+---------+---------+---------+---------+


Analysis completed Mon May 25 04:28:41 2026 
--------------------------------------------------------------------------------

Trace Settings:
-------------------------
Trace Settings 

Peak Memory Usage: 766 MB



