ISim log file
Running: /home/ise/D_DRIVE/Integrated-Circuits-and-Systems-Design/mux-2-to-1/mux-2-to-1-simulator/tb_isim_beh.exe -intstyle ise -gui -tclbatch isim.cmd -wdb /home/ise/D_DRIVE/Integrated-Circuits-and-Systems-Design/mux-2-to-1/mux-2-to-1-simulator/tb_isim_beh.wdb 
ISim P.20131013 (signature 0xfbc00daa)
----------------------------------------------------------------------
WARNING:Security:42 - Your software subscription period has lapsed. Your current version of Xilinx tools will continue to function, but you no longer qualify for Xilinx software updates or new releases.


----------------------------------------------------------------------
This is a Full version of ISim.
Time resolution is 1 ps
# onerror resume
# wave add /
# run 1000 ns
Simulator is doing circuit initialization process.
Finished circuit initialization process.
w0=0 w1=0 sel=0 f=0
w0=0 w1=0 sel=1 f=0
w0=0 w1=1 sel=0 f=0
w0=0 w1=1 sel=1 f=1
w0=1 w1=0 sel=0 f=1
w0=1 w1=0 sel=1 f=0
w0=1 w1=1 sel=0 f=1
w0=1 w1=1 sel=1 f=1
# exit 0
