ISim log file
Running: /home/ise/D_DRIVE/Integrated-Circuits-and-Systems-Design/rs-latch/rs-latch-simulator/tb_isim_beh.exe -intstyle ise -gui -tclbatch isim.cmd -wdb /home/ise/D_DRIVE/Integrated-Circuits-and-Systems-Design/rs-latch/rs-latch-simulator/tb_isim_beh.wdb 
ISim P.20131013 (signature 0xfbc00daa)
----------------------------------------------------------------------
WARNING:Security:42 - Your software subscription period has lapsed. Your current version of Xilinx tools will continue to function, but you no longer qualify for Xilinx software updates or new releases.


----------------------------------------------------------------------
This is a Full version of ISim.
Time resolution is 1 ps
# onerror resume
# wave add /
# run 1000 ns
Simulator is doing circuit initialization process.
Finished circuit initialization process.
Test case 1: r=0, s=1, clk=1, q=1, qb=0
Test case 2: r=1, s=0, clk=1, q=0, qb=1
Test case 3: r=0, s=0, clk=1, q=0, qb=1
Test case 4: r=1, s=1, clk=1, q=x, qb=x
Test case 5: r=0, s=1, clk=0, q=x, qb=x
Test case 6: r=1, s=0, clk=0, q=x, qb=x
Test case 7: r=0, s=0, clk=0, q=x, qb=x
Test case 8: r=1, s=1, clk=0, q=x, qb=x
# exit 0
