ISim log file
Running: /home/ise/D_DRIVE/Integrated-Circuits-and-Systems-Design/combinational-circuit/combinational-circuit-simulator/tb_isim_beh.exe -intstyle ise -gui -tclbatch isim.cmd -wdb /home/ise/D_DRIVE/Integrated-Circuits-and-Systems-Design/combinational-circuit/combinational-circuit-simulator/tb_isim_beh.wdb 
ISim P.20131013 (signature 0xfbc00daa)
----------------------------------------------------------------------
WARNING:Security:42 - Your software subscription period has lapsed. Your current version of Xilinx tools will continue to function, but you no longer qualify for Xilinx software updates or new releases.


----------------------------------------------------------------------
This is a Full version of ISim.
Time resolution is 1 ps
# onerror resume
# wave add /
# run 1000 ns
Simulator is doing circuit initialization process.
Finished circuit initialization process.
A=0 B=0 C=0 D=0 F=1
A=0 B=0 C=0 D=1 F=1
A=0 B=0 C=1 D=0 F=1
A=0 B=0 C=1 D=1 F=0
A=0 B=1 C=0 D=0 F=1
A=0 B=1 C=0 D=1 F=1
A=0 B=1 C=1 D=0 F=1
A=0 B=1 C=1 D=1 F=0
A=1 B=0 C=0 D=0 F=1
A=1 B=0 C=0 D=1 F=1
A=1 B=0 C=1 D=0 F=1
A=1 B=0 C=1 D=1 F=0
A=1 B=1 C=0 D=0 F=0
A=1 B=1 C=0 D=1 F=0
A=1 B=1 C=1 D=0 F=0
A=1 B=1 C=1 D=1 F=0
# exit 0
