Running: /opt/Xilinx/14.7/ISE_DS/ISE/bin/lin64/unwrapped/fuse -intstyle ise -incremental -lib unisims_ver -lib unimacro_ver -lib xilinxcorelib_ver -lib secureip -o /home/ise/D_DRIVE/Integrated-Circuits-and-Systems-Design/ripple-adder/ripple-adder-simulator/tb_adder_isim_beh.exe -prj /home/ise/D_DRIVE/Integrated-Circuits-and-Systems-Design/ripple-adder/ripple-adder-simulator/tb_adder_beh.prj work.tb_adder work.glbl 
ISim P.20131013 (signature 0xfbc00daa)
Number of CPUs detected in this system: 1
Turning on mult-threading, number of parallel sub-compilation jobs: 0 
Determining compilation order of HDL files
Analyzing Verilog file "/home/ise/D_DRIVE/Integrated-Circuits-and-Systems-Design/ripple-adder/ripple-adder-simulator/../design.v" into library work
Analyzing Verilog file "/home/ise/D_DRIVE/Integrated-Circuits-and-Systems-Design/ripple-adder/ripple-adder-simulator/../testbench.v" into library work
Analyzing Verilog file "/opt/Xilinx/14.7/ISE_DS/ISE//verilog/src/glbl.v" into library work
Starting static elaboration
WARNING:HDLCompiler:189 - "/home/ise/D_DRIVE/Integrated-Circuits-and-Systems-Design/ripple-adder/ripple-adder-simulator/../design.v" Line 12: Size mismatch in connection of port <ci>. Formal port size is 1-bit while actual signal size is 32-bit.
Completed static elaboration
Fuse Memory Usage: 94924 KB
Fuse CPU Usage: 1110 ms
Compiling module full_adder
Compiling module adder
Compiling module tb_adder
Compiling module glbl
Time Resolution for simulation is 1ps.
Compiled 4 Verilog Units
Built simulation executable /home/ise/D_DRIVE/Integrated-Circuits-and-Systems-Design/ripple-adder/ripple-adder-simulator/tb_adder_isim_beh.exe
Fuse Memory Usage: 98044 KB
Fuse CPU Usage: 1150 ms
GCC CPU Usage: 270 ms
