Running: /opt/Xilinx/14.7/ISE_DS/ISE/bin/lin64/unwrapped/fuse -intstyle ise -incremental -lib unisims_ver -lib unimacro_ver -lib xilinxcorelib_ver -lib secureip -o /home/ise/D_DRIVE/Integrated-Circuits-and-Systems-Design/dem-8bit-2speed/dem-8bit-2speed-simulator/tb_DEM_8bit_2Speed_isim_beh.exe -prj /home/ise/D_DRIVE/Integrated-Circuits-and-Systems-Design/dem-8bit-2speed/dem-8bit-2speed-simulator/tb_DEM_8bit_2Speed_beh.prj work.tb_DEM_8bit_2Speed work.glbl 
ISim P.20131013 (signature 0xfbc00daa)
Number of CPUs detected in this system: 1
Turning on mult-threading, number of parallel sub-compilation jobs: 0 
Determining compilation order of HDL files
Analyzing Verilog file "/home/ise/D_DRIVE/Integrated-Circuits-and-Systems-Design/dem-8bit-2speed/dem-8bit-2speed-simulator/../design.v" into library work
Analyzing Verilog file "/home/ise/D_DRIVE/Integrated-Circuits-and-Systems-Design/dem-8bit-2speed/dem-8bit-2speed-simulator/../testbench.v" into library work
Analyzing Verilog file "/opt/Xilinx/14.7/ISE_DS/ISE//verilog/src/glbl.v" into library work
Starting static elaboration
Completed static elaboration
Fuse Memory Usage: 94932 KB
Fuse CPU Usage: 2370 ms
Compiling module DEM_8bit_2Speed(DIV_1HZ=499999,D...
Compiling module tb_DEM_8bit_2Speed
Compiling module glbl
Time Resolution for simulation is 1ps.
Compiled 3 Verilog Units
Built simulation executable /home/ise/D_DRIVE/Integrated-Circuits-and-Systems-Design/dem-8bit-2speed/dem-8bit-2speed-simulator/tb_DEM_8bit_2Speed_isim_beh.exe
Fuse Memory Usage: 98060 KB
Fuse CPU Usage: 2400 ms
GCC CPU Usage: 330 ms
