Running: /opt/Xilinx/14.7/ISE_DS/ISE/bin/lin64/unwrapped/fuse -intstyle ise -incremental -lib unisims_ver -lib unimacro_ver -lib xilinxcorelib_ver -lib secureip -o /home/ise/D_DRIVE/Integrated-Circuits-and-Systems-Design/decoder-2-to-4/decoder-4-to-2-simulator/tb_isim_beh.exe -prj /home/ise/D_DRIVE/Integrated-Circuits-and-Systems-Design/decoder-2-to-4/decoder-4-to-2-simulator/tb_beh.prj work.tb work.glbl 
ISim P.20131013 (signature 0xfbc00daa)
Number of CPUs detected in this system: 1
Turning on mult-threading, number of parallel sub-compilation jobs: 0 
Determining compilation order of HDL files
Analyzing Verilog file "/home/ise/D_DRIVE/Integrated-Circuits-and-Systems-Design/decoder-2-to-4/decoder-4-to-2-simulator/../design.v" into library work
Analyzing Verilog file "/home/ise/D_DRIVE/Integrated-Circuits-and-Systems-Design/decoder-2-to-4/decoder-4-to-2-simulator/../testbench.v" into library work
Analyzing Verilog file "/opt/Xilinx/14.7/ISE_DS/ISE//verilog/src/glbl.v" into library work
Starting static elaboration
Completed static elaboration
Fuse Memory Usage: 94920 KB
Fuse CPU Usage: 2360 ms
Compiling module decoder_2_to_4
Compiling module tb
Compiling module glbl
Time Resolution for simulation is 1ps.
Compiled 3 Verilog Units
Built simulation executable /home/ise/D_DRIVE/Integrated-Circuits-and-Systems-Design/decoder-2-to-4/decoder-4-to-2-simulator/tb_isim_beh.exe
Fuse Memory Usage: 98040 KB
Fuse CPU Usage: 2430 ms
GCC CPU Usage: 700 ms
