ISim log file
Running: /home/ise/D_DRIVE/Integrated-Circuits-and-Systems-Design/led-sang-dich-ttr-tnv/led-sang-dich-ttr-tnv-simulator/tb_isim_beh.exe -intstyle ise -gui -tclbatch isim.cmd -wdb /home/ise/D_DRIVE/Integrated-Circuits-and-Systems-Design/led-sang-dich-ttr-tnv/led-sang-dich-ttr-tnv-simulator/tb_isim_beh.wdb 
ISim P.20131013 (signature 0xfbc00daa)
----------------------------------------------------------------------
WARNING:Security:42 - Your software subscription period has lapsed. Your current version of Xilinx tools will continue to function, but you no longer qualify for Xilinx software updates or new releases.


----------------------------------------------------------------------
This is a Full version of ISim.
Time resolution is 1 ps
# onerror resume
# wave add /
# run 1000 ns
Simulator is doing circuit initialization process.
Finished circuit initialization process.
Stopped at time : 190 ns : File "/home/ise/D_DRIVE/Integrated-Circuits-and-Systems-Design/led-sang-dich-ttr-tnv/testbench.v" Line 20
ISim P.20131013 (signature 0xfbc00daa)
----------------------------------------------------------------------
WARNING:Security:42 - Your software subscription period has lapsed. Your current version of Xilinx tools will continue to function, but you no longer qualify for Xilinx software updates or new releases.


----------------------------------------------------------------------
This is a Full version of ISim.
# run 1000 ns
Simulator is doing circuit initialization process.
Finished circuit initialization process.
Stopped at time : 190 ns : File "/home/ise/D_DRIVE/Integrated-Circuits-and-Systems-Design/led-sang-dich-ttr-tnv/testbench.v" Line 20
ISim P.20131013 (signature 0xfbc00daa)
----------------------------------------------------------------------
WARNING:Security:42 - Your software subscription period has lapsed. Your current version of Xilinx tools will continue to function, but you no longer qualify for Xilinx software updates or new releases.


----------------------------------------------------------------------
This is a Full version of ISim.
# run 1000 ns
Simulator is doing circuit initialization process.
Finished circuit initialization process.
Stopped at time : 190 ns : File "/home/ise/D_DRIVE/Integrated-Circuits-and-Systems-Design/led-sang-dich-ttr-tnv/testbench.v" Line 20
ISim P.20131013 (signature 0xfbc00daa)
----------------------------------------------------------------------
WARNING:Security:42 - Your software subscription period has lapsed. Your current version of Xilinx tools will continue to function, but you no longer qualify for Xilinx software updates or new releases.


----------------------------------------------------------------------
This is a Full version of ISim.
# run 1000 ns
Simulator is doing circuit initialization process.
Finished circuit initialization process.
Stopped at time : 190 ns : File "/home/ise/D_DRIVE/Integrated-Circuits-and-Systems-Design/led-sang-dich-ttr-tnv/testbench.v" Line 20
ISim P.20131013 (signature 0xfbc00daa)
----------------------------------------------------------------------
WARNING:Security:42 - Your software subscription period has lapsed. Your current version of Xilinx tools will continue to function, but you no longer qualify for Xilinx software updates or new releases.


----------------------------------------------------------------------
This is a Full version of ISim.
# run 1000 ns
Simulator is doing circuit initialization process.
Finished circuit initialization process.
Stopped at time : 190 ns : File "/home/ise/D_DRIVE/Integrated-Circuits-and-Systems-Design/led-sang-dich-ttr-tnv/testbench.v" Line 20
ISim P.20131013 (signature 0xfbc00daa)
----------------------------------------------------------------------
WARNING:Security:42 - Your software subscription period has lapsed. Your current version of Xilinx tools will continue to function, but you no longer qualify for Xilinx software updates or new releases.


----------------------------------------------------------------------
This is a Full version of ISim.
# run 1000 ns
Simulator is doing circuit initialization process.
Finished circuit initialization process.
Stopped at time : 90 ns : File "/home/ise/D_DRIVE/Integrated-Circuits-and-Systems-Design/led-sang-dich-ttr-tnv/testbench.v" Line 20
ISim P.20131013 (signature 0xfbc00daa)
----------------------------------------------------------------------
WARNING:Security:42 - Your software subscription period has lapsed. Your current version of Xilinx tools will continue to function, but you no longer qualify for Xilinx software updates or new releases.


----------------------------------------------------------------------
This is a Full version of ISim.
# run 1000 ns
Simulator is doing circuit initialization process.
Finished circuit initialization process.
Stopped at time : 90 ns : File "/home/ise/D_DRIVE/Integrated-Circuits-and-Systems-Design/led-sang-dich-ttr-tnv/testbench.v" Line 20
ISim P.20131013 (signature 0xfbc00daa)
----------------------------------------------------------------------
WARNING:Security:42 - Your software subscription period has lapsed. Your current version of Xilinx tools will continue to function, but you no longer qualify for Xilinx software updates or new releases.


----------------------------------------------------------------------
This is a Full version of ISim.
# run 1000 ns
Simulator is doing circuit initialization process.
Finished circuit initialization process.
Stopped at time : 100 ns : File "/home/ise/D_DRIVE/Integrated-Circuits-and-Systems-Design/led-sang-dich-ttr-tnv/testbench.v" Line 24
ISim P.20131013 (signature 0xfbc00daa)
----------------------------------------------------------------------
WARNING:Security:42 - Your software subscription period has lapsed. Your current version of Xilinx tools will continue to function, but you no longer qualify for Xilinx software updates or new releases.


----------------------------------------------------------------------
This is a Full version of ISim.
# run 1000 ns
Simulator is doing circuit initialization process.
Finished circuit initialization process.
Stopped at time : 110 ns : File "/home/ise/D_DRIVE/Integrated-Circuits-and-Systems-Design/led-sang-dich-ttr-tnv/testbench.v" Line 25
