ISim log file
Running: /home/ise/D_DRIVE/Integrated-Circuits-and-Systems-Design/full-adder/full-adder/tb_isim_beh.exe -intstyle ise -gui -tclbatch isim.cmd -wdb /home/ise/D_DRIVE/Integrated-Circuits-and-Systems-Design/full-adder/full-adder/tb_isim_beh.wdb 
ISim P.20131013 (signature 0xfbc00daa)
----------------------------------------------------------------------
WARNING:Security:42 - Your software subscription period has lapsed. Your current version of Xilinx tools will continue to function, but you no longer qualify for Xilinx software updates or new releases.


----------------------------------------------------------------------
This is a Full version of ISim.
Time resolution is 1 ps
# onerror resume
# wave add /
# run 1000 ns
Simulator is doing circuit initialization process.
Finished circuit initialization process.
Test case 1: in1=0, in2=0, cin=0 => sum=0, cout=0
Test case 2: in1=0, in2=0, cin=1 => sum=1, cout=0
Test case 3: in1=0, in2=1, cin=0 => sum=1, cout=0
Test case 4: in1=0, in2=1, cin=1 => sum=0, cout=1
Test case 5: in1=1, in2=0, cin=0 => sum=1, cout=0
Test case 6: in1=1, in2=0, cin=1 => sum=0, cout=1
Test case 7: in1=1, in2=1, cin=0 => sum=0, cout=1
Test case 8: in1=1, in2=1, cin=1 => sum=1, cout=1
# exit 0
